C51 COMPILER V9.59.0.0   TLC549                                                            12/29/2021 20:16:08 PAGE 1   


C51 COMPILER V9.59.0.0, COMPILATION OF MODULE TLC549
OBJECT MODULE PLACED IN .\Objects\TLC549.obj
COMPILER INVOKED BY: D:\Keil5\C51\BIN\C51.EXE TLC549.c OPTIMIZE(8,SPEED) BROWSE DEBUG OBJECTEXTEND PRINT(.\Listings\TLC5
                    -49.lst) TABS(2) OBJECT(.\Objects\TLC549.obj)

line level    source

   1          /**************************
   2                TLC549通信程序
   3          **************************/
   4          #include <reg52.h>
   5          #include <intrins.h>
   6          #include "main.h"
   7          
   8          unsigned char RV;  //光敏电阻电压采集值
   9          unsigned char ADsampling();
  10          
  11          /**********AD扫描**********/
  12          void ADscan()
  13          {
  14   1        if(RV < (255/5)*1.25)  //(255/5)*1.25 = 64即为1.25V
  15   1        {
  16   2          D1501 = 0;
  17   2        }
  18   1        else
  19   1        {
  20   2          D1501 = 1;
  21   2        }
  22   1      }
  23          /**********AD刷新函数(每100ms刷新)**********/
  24          void ADrefresh()
  25          {
  26   1        static unsigned char bit_AD = 0; 
  27   1        bit_AD++;
  28   1        if(bit_AD == 50)
  29   1        {
  30   2          bit_AD = 0;
  31   2          RV = ADsampling();
  32   2        }
  33   1      }
  34          /**********AD采集函数**********/
  35          unsigned char ADsampling()
  36          {
  37   1        unsigned char i,temp = 0;
  38   1        CLK = 0;
  39   1        //AD_out = 1;
  40   1        _nop_();
  41   1        _nop_();
  42   1         CS = 0;
  43   1        _nop_();
  44   1        _nop_();
  45   1        _nop_();
  46   1        _nop_();
  47   1        if(ADO == 1)
  48   1        {
  49   2          temp = temp + 1;
  50   2        }
  51   1        for(i=0;i<8;i++)
  52   1        {
  53   2          CLK = 1;
  54   2          _nop_();
C51 COMPILER V9.59.0.0   TLC549                                                            12/29/2021 20:16:08 PAGE 2   

  55   2          _nop_();
  56   2          CLK = 0;
  57   2          _nop_();
  58   2          _nop_();
  59   2          if(i != 7)
  60   2          {
  61   3            temp = temp << 1;
  62   3            if(ADO == 1)
  63   3            {
  64   4              temp = temp + 1;
  65   4            }
  66   3          }
  67   2        }
  68   1        CS = 1;
  69   1        return temp;
  70   1      }


MODULE INFORMATION:   STATIC OVERLAYABLE
   CODE SIZE        =     98    ----
   CONSTANT SIZE    =   ----    ----
   XDATA SIZE       =   ----    ----
   PDATA SIZE       =   ----    ----
   DATA SIZE        =      2    ----
   IDATA SIZE       =   ----    ----
   BIT SIZE         =   ----    ----
END OF MODULE INFORMATION.


C51 COMPILATION COMPLETE.  0 WARNING(S),  0 ERROR(S)
