C51 COMPILER V9.59.0.0   KEY4                                                              07/24/2021 19:10:03 PAGE 1   


C51 COMPILER V9.59.0.0, COMPILATION OF MODULE KEY4
OBJECT MODULE PLACED IN .\Objects\key4.obj
COMPILER INVOKED BY: D:\Keil5\C51\BIN\C51.EXE key4.c OPTIMIZE(8,SPEED) BROWSE DEBUG OBJECTEXTEND PRINT(.\Listings\key4.l
                    -st) TABS(2) OBJECT(.\Objects\key4.obj)

line level    source

   1          #include <reg52.h>
   2          sbit ADDR0 = P1^0;
   3          sbit ADDR1 = P1^1;
   4          sbit ADDR2 = P1^2;
   5          sbit ADDR3 = P1^3;
   6          sbit ENLED = P1^4;
   7          sbit KEY = P2^7;                //定义一个按键
   8          unsigned char code number[]={   //定义number数组存放0-9对应的16进制编码
   9            0xc0,0xf9,0xa4,0xb0,0x99,
  10            0x92,0x82,0xf8,0x80,0x90
  11           };
  12          void main()
  13          {
  14   1        unsigned char i = 0;          
  15   1        bit backup = 1;               //backup为按键的上一个状态
  16   1        ENLED = 0;
  17   1        ADDR3 = 1;
  18   1        ADDR2 = 0;
  19   1        ADDR1 = 0;
  20   1        ADDR0 = 0;
  21   1        P2 = 0XF7;
  22   1        P0 = number[i];
  23   1        while(1)
  24   1        {
  25   2          if(KEY != backup)           //当按键当前状态与上一个状态不同时进入
  26   2          {
  27   3            if(backup == 0)           //当按键上一个状态为0时进入
  28   3            {
  29   4              i++;
  30   4              if(i == 10)             //先判断后是否等于10，后点亮小灯
  31   4              {
  32   5                i = 0;
  33   5              }
  34   4              P0 = number[i];         //点亮小灯
  35   4            }
  36   3            backup = KEY;             //完成判断后，将按键当前状态赋值给backup
  37   3          }
  38   2        } 
  39   1      }


MODULE INFORMATION:   STATIC OVERLAYABLE
   CODE SIZE        =     54    ----
   CONSTANT SIZE    =     10    ----
   XDATA SIZE       =   ----    ----
   PDATA SIZE       =   ----    ----
   DATA SIZE        =   ----    ----
   IDATA SIZE       =   ----    ----
   BIT SIZE         =   ----       1
END OF MODULE INFORMATION.


C51 COMPILATION COMPLETE.  0 WARNING(S),  0 ERROR(S)
