C51 COMPILER V9.59.0.0   MAIN                                                              08/29/2021 16:49:56 PAGE 1   


C51 COMPILER V9.59.0.0, COMPILATION OF MODULE MAIN
OBJECT MODULE PLACED IN .\Objects\main.obj
COMPILER INVOKED BY: D:\Keil5\C51\BIN\C51.EXE main.c OPTIMIZE(8,SPEED) BROWSE DEBUG OBJECTEXTEND PRINT(.\Listings\main.l
                    -st) TABS(2) OBJECT(.\Objects\main.obj)

line level    source

   1          #include <reg52.h>
   2          sbit ADDR0 = P1^0;
   3          sbit ADDR1 = P1^1;
   4          sbit ADDR2 = P1^2;
   5          sbit ADDR3 = P1^3;
   6          sbit ENLED = P1^4;
   7          
   8          extern unsigned char irflag;        //外部变量声明
   9          extern unsigned char ircode[4];
  10          extern void Infraredinit();
  11          void configtime0(unsigned char ms);//函数声明
  12          
  13          unsigned char TH0R;                //定时器T0高位重载值
  14          unsigned char TL0R;                //定时器T0低位重载值
  15          unsigned char ledbuffer[6]={       //数码管显示缓冲区
  16            0XFF,0XFF,0XFF,0XFF,0XFF,0XFF
  17            };
  18          unsigned char code number[] = {    //数码管显示字符转换表
  19              0xC0, 0xF9, 0xA4, 0xB0, 0x99, 0x92, 0x82, 0xF8,
  20              0x80, 0x90, 0x88, 0x83, 0xC6, 0xA1, 0x86, 0x8E
  21          };
  22          
  23          void main()
  24          {
  25   1        EA = 1;         //打开总中断
  26   1        ADDR3 = 1;      //打开74HC138使能端
  27   1        ENLED  = 0;
  28   1        PT0 = 1;        //设置T0定时器中断为最高优先级
  29   1        configtime0(1); //定时1ms
  30   1        Infraredinit(); //NEC红外通信初始化
  31   1        while(1)
  32   1        {
  33   2          if(irflag == 1)
  34   2          {
  35   3            irflag = 0;
  36   3            ledbuffer[0] = number[ircode[2] & 0X0F];
  37   3            ledbuffer[1] = number[ircode[2] >>4];
  38   3            ledbuffer[4] = number[ircode[0] & 0X0F];
  39   3            ledbuffer[5] = number[ircode[0] >> 4];
  40   3          }
  41   2        }
  42   1      }
  43          /*配置定时器T0定时1ms*/
  44          void configtime0(unsigned char ms)
  45          {
  46   1        unsigned long temp;
  47   1        temp = 11059200/12;
  48   1        temp = (temp*ms)/1000;
  49   1        temp = 65536 - temp;
  50   1        TH0R = (unsigned char)(temp >> 8);
  51   1        TL0R = (unsigned char)(temp);
  52   1        TMOD = TMOD & 0XF0;
  53   1        TMOD = TMOD | 0X01;
  54   1        TH0 = TH0R;
C51 COMPILER V9.59.0.0   MAIN                                                              08/29/2021 16:49:56 PAGE 2   

  55   1        TL0 = TL0R;
  56   1        TR0 = 1;
  57   1        ET0 = 1;
  58   1      }
  59          /*数码管扫描函数*/
  60          void ledscan()
  61          {
  62   1        static unsigned char i = 0;
  63   1        switch(i)
  64   1        {
  65   2          case 0:ADDR2 = 0;ADDR1 = 0;ADDR0 = 0;P0 = ledbuffer[i];i++;break;
  66   2          case 1:ADDR2 = 0;ADDR1 = 0;ADDR0 = 1;P0 = ledbuffer[i];i++;break;
  67   2          case 2:ADDR2 = 0;ADDR1 = 1;ADDR0 = 0;P0 = ledbuffer[i];i++;break;
  68   2          case 3:ADDR2 = 0;ADDR1 = 1;ADDR0 = 1;P0 = ledbuffer[i];i++;break;
  69   2          case 4:ADDR2 = 1;ADDR1 = 0;ADDR0 = 0;P0 = ledbuffer[i];i++;break;
  70   2          case 5:ADDR2 = 1;ADDR1 = 0;ADDR0 = 1;P0 = ledbuffer[i];i=0;break;
  71   2          default:break;
  72   2        }
  73   1      }
  74          
  75          void interrupttime0() interrupt 1
  76          {
  77   1        TH0 = TH0R;
  78   1        TL0 = TL0R;
  79   1        ledscan();
  80   1      }


MODULE INFORMATION:   STATIC OVERLAYABLE
   CODE SIZE        =    265    ----
   CONSTANT SIZE    =     16    ----
   XDATA SIZE       =   ----    ----
   PDATA SIZE       =   ----    ----
   DATA SIZE        =      9       4
   IDATA SIZE       =   ----    ----
   BIT SIZE         =   ----    ----
END OF MODULE INFORMATION.


C51 COMPILATION COMPLETE.  0 WARNING(S),  0 ERROR(S)
