C51 COMPILER V9.59.0.0   KEY                                                               12/06/2021 20:39:55 PAGE 1   


C51 COMPILER V9.59.0.0, COMPILATION OF MODULE KEY
OBJECT MODULE PLACED IN .\Objects\key.obj
COMPILER INVOKED BY: D:\Keil5\C51\BIN\C51.EXE key.c OPTIMIZE(8,SPEED) BROWSE DEBUG OBJECTEXTEND PRINT(.\Listings\key.lst
                    -) TABS(2) OBJECT(.\Objects\key.obj)

line level    source

   1          /**************************
   2           按键扫描、动作、消抖程序
   3          **************************/
   4          #include <reg52.h>
   5          sbit KEY1 = P3^4;  //K17按键，控制电度表启动状态数码管显示
   6          sbit KEY2 = P3^5;  //K18按键，控制电度表时钟状态数码管显示
   7          sbit KEY3 = P3^6;  //K19按键，控制电度表电费结算数码管显示
   8          sbit KEY4 = P3^7;  //K20按键，带扩展功能
   9          bit bit_start = 0;                //电度表起动状态数码管显示标志位
  10          bit bit_time = 0;                 //电度表时间状态数码管显示
  11          bit bit_end = 0;                  //电度表结费状态数码管显示标志位
  12          bit bit_change = 0;               //电度表修改状态数码管显示标志位
  13          bit bit_extra = 1;
  14          extern unsigned int ELEFEE;
  15          unsigned char keyfinally[4] = {   //按键终值(1为弹起，0为按下)
  16            1,1,1,1
  17          };
  18          unsigned char keyback[4] = {      //按键上时刻值(1为弹起，0为按下)
  19            1,1,1,1
  20          };
  21          void keyaction(unsigned char i);
  22          /**********按键扫描函数**********/
  23          void keyscan()
  24          {
  25   1        static unsigned char i = 0;
  26   1        if(keyfinally[i] != keyback[i])
  27   1        {
  28   2          if(keyback[i] == 0)
  29   2          {
  30   3            keyaction(i);
  31   3          }
  32   2          keyback[i] = keyfinally[i];
  33   2        }
  34   1        i++;
  35   1        if(i == 4)
  36   1        {
  37   2          i = 0;
  38   2        }
  39   1      }
  40          /**********按键动作函数**********/
  41          void keyaction(unsigned char i)
  42          {
  43   1        if(i == 0)      //功能0：启动状态数码管显示
  44   1        {
  45   2          bit_start = 1;
  46   2          bit_time = 0;
  47   2          bit_end = 0;
  48   2        }
  49   1        else if(i == 1) //功能1：时间状态数码管显示
  50   1        {
  51   2          bit_start = 0;
  52   2          bit_time = 1;
  53   2          bit_end = 0;
  54   2          if(bit_change == 1 && bit_extra == 0) //电费加一
C51 COMPILER V9.59.0.0   KEY                                                               12/06/2021 20:39:55 PAGE 2   

  55   2          {
  56   3            ELEFEE++;
  57   3            bit_start = 0;
  58   3            bit_time = 0;
  59   3            bit_end = 0;
  60   3          }
  61   2        }
  62   1        else if(i == 2) //功能2：结费状态数码管显示
  63   1        {
  64   2          bit_start = 0;
  65   2          bit_time = 0;
  66   2          bit_end = 1;
  67   2          if(bit_change == 1 && bit_extra == 0) //电费减一
  68   2          {
  69   3            ELEFEE--;
  70   3            bit_start = 0;
  71   3            bit_time = 0;
  72   3            bit_end = 0;
  73   3          }
  74   2        }
  75   1        else if(i == 3) //功能3：修改电费数码管显示
  76   1        {
  77   2          bit_start = 0;
  78   2          bit_time = 0;
  79   2          bit_end = 0;
  80   2          bit_change = ~bit_change;
  81   2        }
  82   1      }
  83          /**********按键消抖函数**********/
  84          void keybuff()
  85          {
  86   1        static unsigned char i;
  87   1        static unsigned char keybuffer[] = {
  88   1        0XFF,0XFF,0XFF,0XFF
  89   1        };
  90   1        keybuffer[0] = keybuffer[0] << 1 | KEY1;
  91   1        keybuffer[1] = keybuffer[1] << 1 | KEY2;
  92   1        keybuffer[2] = keybuffer[2] << 1 | KEY3;
  93   1        keybuffer[3] = keybuffer[3] << 1 | KEY4;
  94   1        for(i=0;i<4;i++) 
  95   1        {
  96   2          if(keybuffer[i] == 0XFF)
  97   2          {
  98   3            keyfinally[i] = 1;
  99   3          }
 100   2          else if(keybuffer[i] == 0X00)
 101   2          {
 102   3            keyfinally[i] = 0;
 103   3          }
 104   2        }
 105   1      }


MODULE INFORMATION:   STATIC OVERLAYABLE
   CODE SIZE        =    236    ----
   CONSTANT SIZE    =   ----    ----
   XDATA SIZE       =   ----    ----
   PDATA SIZE       =   ----    ----
   DATA SIZE        =     14    ----
   IDATA SIZE       =   ----    ----
   BIT SIZE         =      5    ----
END OF MODULE INFORMATION.

C51 COMPILER V9.59.0.0   KEY                                                               12/06/2021 20:39:55 PAGE 3   


C51 COMPILATION COMPLETE.  0 WARNING(S),  0 ERROR(S)
